bun test v1.3.13 (bf2e2cec)

test/telegram-worker.test.ts:
No data to insert into Vectorize.
Inserting 1 vector(s) into Vectorize index...
Vectorize insertion successful: {
  success: true,
}
Inserting 1 vector(s) into Vectorize index...
Error inserting embeddings into Vectorize: Insert failed

test/basic.test.ts:
No data to insert into Vectorize.
VECTORIZE_INDEX binding is not configured in the environment.

tests/integration/gateway.test.ts:

# Unhandled error between tests
-------------------------------
error: Cannot find package 'cloudflare:test' from '/home/jango/Git/hoox-setup/tests/integration/gateway.test.ts'
-------------------------------


workers/home-assistant-worker/test/home-assistant-worker.test.ts:
Authentication failed for request ID: a1b2c3d4-e5f6-7890-1234-567890abcdef
Authentication failed for request ID: a1b2c3d4-e5f6-7890-1234-567890abcdef

workers/home-assistant-worker/test/haService.test.ts:
46 |       HA_TOKEN,
47 |       "light",
48 |       "turn_on",
49 |       "light.living_room"
50 |     );
51 |     expect(fetchMock).toHaveBeenCalledWith(
                           ^
error: expect(received).toHaveBeenCalledWith(...expected)

Expected: [ "http://mock-ha.local:8123/api/services/light/turn_on", Any<Object> ]
But it was not called.
      at <anonymous> (/home/jango/Git/hoox-setup/workers/home-assistant-worker/test/haService.test.ts:51:23)
(fail) haService > callHaService strips trailing slash
65 |       "light",
66 |       "turn_on",
67 |       "light.living_room",
68 |       { brightness: 128, color_name: "red" }
69 |     );
70 |     expect(fetchMock).toHaveBeenCalledWith(
                           ^
error: expect(received).toHaveBeenCalledWith(...expected)

Expected: [
  Any<String>, ObjectContaining {
    body: "{\"entity_id\":\"light.living_room\",\"brightness\":128,\"color_name\":\"red\"}",
  }
]
But it was not called.
      at <anonymous> (/home/jango/Git/hoox-setup/workers/home-assistant-worker/test/haService.test.ts:70:23)
(fail) haService > callHaService handles data parameter
108 |       "light",
109 |       "turn_on",
110 |       "light.living_room"
111 |     );
112 | 
113 |     expect(result).toEqual(jsonResponse);
                         ^
error: expect(received).toEqual(expected)

- [
-   {
-     "entity_id": "light.living_room",
-     "state": "on",
-   },
- ]
+ {
+   "details": "mock success",
+   "success": true,
+ }

- Expected  - 6
+ Received  + 4

      at <anonymous> (/home/jango/Git/hoox-setup/workers/home-assistant-worker/test/haService.test.ts:113:20)
(fail) haService > HTTP 200 with JSON response - verifies parsing [1.00ms]
125 |       "light",
126 |       "turn_off",
127 |       "light.bedroom"
128 |     );
129 | 
130 |     expect(result).toEqual({ success: true });
                         ^
error: expect(received).toEqual(expected)

@@ -1,3 +1,3 @@
  {
+   "details": "mock success",
    "success": true,

- Expected  - 0
+ Received  + 1

      at <anonymous> (/home/jango/Git/hoox-setup/workers/home-assistant-worker/test/haService.test.ts:130:20)
(fail) haService > HTTP 200 with empty response - returns {success: true}
143 |         HA_TOKEN,
144 |         "light",
145 |         "turn_on",
146 |         "invalid.entity"
147 |       )
148 |     ).rejects.toThrow("Home Assistant API request failed with status 400: Invalid entity_id");
                    ^
error: 

Expected promise that rejects
Received promise that resolved: Promise { <resolved> }

      at <anonymous> (/home/jango/Git/hoox-setup/workers/home-assistant-worker/test/haService.test.ts:148:15)
(fail) haService > HTTP 400 error - throws Error with status
161 |         HA_TOKEN,
162 |         "automation",
163 |         "trigger",
164 |         "automation.my_automation"
165 |       )
166 |     ).rejects.toThrow("Internal server error");
                    ^
error: 

Expected promise that rejects
Received promise that resolved: Promise { <resolved> }

      at <anonymous> (/home/jango/Git/hoox-setup/workers/home-assistant-worker/test/haService.test.ts:166:15)
(fail) haService > HTTP 500 error - throws Error containing body text
178 |       "switch",
179 |       "turn_on",
180 |       "switch.ac"
181 |     );
182 | 
183 |     expect(fetchMock).toHaveBeenCalledWith(
                            ^
error: expect(received).toHaveBeenCalledWith(...expected)

Expected: [
  Any<String>, ObjectContaining {
    headers: ObjectContaining {
      Authorization: "Bearer my-secret-token",
    },
  }
]
But it was not called.
      at <anonymous> (/home/jango/Git/hoox-setup/workers/home-assistant-worker/test/haService.test.ts:183:23)
(fail) haService > Correct Authorization header - Bearer token format
202 |       "light",
203 |       "turn_on",
204 |       "light.living_room"
205 |     );
206 | 
207 |     expect(fetchMock).toHaveBeenCalledWith(
                            ^
error: expect(received).toHaveBeenCalledWith(...expected)

Expected: [
  Any<String>, ObjectContaining {
    headers: ObjectContaining {
      "Content-Type": "application/json",
    },
  }
]
But it was not called.
      at <anonymous> (/home/jango/Git/hoox-setup/workers/home-assistant-worker/test/haService.test.ts:207:23)
(fail) haService > Correct Content-Type header [1.00ms]
227 |       "turn_on",
228 |       "light.living_room",
229 |       { brightness: 128 }
230 |     );
231 | 
232 |     expect(fetchMock).toHaveBeenCalledWith(
                            ^
error: expect(received).toHaveBeenCalledWith(...expected)

Expected: [
  Any<String>, ObjectContaining {
    body: "{\"entity_id\":\"light.living_room\",\"brightness\":128}",
  }
]
But it was not called.
      at <anonymous> (/home/jango/Git/hoox-setup/workers/home-assistant-worker/test/haService.test.ts:232:23)
(fail) haService > Correct body format - entity_id is included
250 |         HA_TOKEN,
251 |         "light",
252 |         "turn_on",
253 |         "light.living_room"
254 |       )
255 |     ).rejects.toThrow("Invalid access token");
                    ^
error: 

Expected promise that rejects
Received promise that resolved: Promise { <resolved> }

      at <anonymous> (/home/jango/Git/hoox-setup/workers/home-assistant-worker/test/haService.test.ts:255:15)
(fail) haService > HTTP 401 error - throws Error with authentication failure
268 |         HA_TOKEN,
269 |         "switch",
270 |         "toggle",
271 |         "switch.garage"
272 |       )
273 |     ).rejects.toThrow("Service temporarily unavailable");
                    ^
error: 

Expected promise that rejects
Received promise that resolved: Promise { <resolved> }

      at <anonymous> (/home/jango/Git/hoox-setup/workers/home-assistant-worker/test/haService.test.ts:273:15)
(fail) haService > HTTP 503 error - throws Error with service unavailable

workers/agent-worker/test/index-extended.spec.ts:
Starting agent processing routine...
Failed to fetch positions from D1_SERVICE: error
Starting agent processing routine...
Found 0 open positions.
Starting agent processing routine...
Found 1 open positions.
Analyzing position: BTCUSDT (LONG) - Quantity: 0.1

workers/agent-worker/test/index.spec.ts:
Agent Worker cron triggered at: * * * * * 12345
Starting agent processing routine...
Found 0 open positions.
Housekeeping check completed: {"timestamp":"2026-04-27T15:38:50.174Z","checks":[{"service":"CONFIG_KV","status":"ok","detail":"empty"},{"service":"D1_SERVICE","status":"ok"},{"service":"TRADE_SERVICE","status":"ok"},{"service":"TELEGRAM_SERVICE","status":"ok"}]}
Starting agent processing routine...
Found 0 open positions.
Global kill switch is active. Skipping active trade management.
Agent Worker cron triggered at: * * * * * 12345
Starting agent processing routine...
Found 0 open positions.
Housekeeping check completed: {"timestamp":"2026-04-27T15:38:50.174Z","checks":[{"service":"CONFIG_KV","status":"ok","detail":"empty"},{"service":"D1_SERVICE","status":"ok"},{"service":"TRADE_SERVICE","status":"ok"},{"service":"TELEGRAM_SERVICE","status":"ok"}]}

workers/agent-worker/test/providers-extended.spec.ts:
Failed to load agent config: 18 | 		this.configLoading = true;
19 | 
20 | 		try {
21 | 			const stored = await this.env.CONFIG_KV.get('agent:config');
22 | 			if (stored) {
23 | 				this.config = { ...DEFAULT_AGENT_CONFIG, ...JSON.parse(stored) };
                                                          ^
SyntaxError: JSON Parse error: Unexpected identifier "invalid"
      at loadConfig (/home/jango/Git/hoox-setup/workers/agent-worker/src/providers.ts:23:54)
      at async <anonymous> (/home/jango/Git/hoox-setup/workers/agent-worker/test/providers-extended.spec.ts:64:29)


workers/trade-worker/src/index.test.ts:
Successfully inserted signal ID: c2cf8ce4-84ec-44e8-a5dc-a5a9cbf806ab
D1 insert failed: D1 Error
Error inserting signal into D1: 222 |       expect(responseBody.error).toContain("Failed to store signal");
223 |       expect(mockRun).toHaveBeenCalledTimes(1);
224 |     });
225 | 
226 |     it("should return 500 if D1 insert throws an exception", async () => {
227 |       mockRun.mockRejectedValueOnce(new Error("D1 Exception")); // Simulate D1 exception
                                          ^
error: D1 Exception
      at <anonymous> (/home/jango/Git/hoox-setup/workers/trade-worker/src/index.test.ts:227:37)

Error retrieving signals from D1: 337 |       // ... assertions ...
338 |       expect(mockAll).not.toHaveBeenCalled();
339 |     });
340 | 
341 |     it("should return 500 if D1 query fails", async () => {
342 |       mockAll.mockRejectedValueOnce(new Error("D1 Select Error"));
                                          ^
error: D1 Select Error
      at <anonymous> (/home/jango/Git/hoox-setup/workers/trade-worker/src/index.test.ts:342:37)

[987] Attempting to save report to R2: trade-reports/mexc/BTC_USDT/2026-04-27T15-38-50-195Z-987.json
[987] Successfully saved report to R2. ETag: undefined
[987] REPORTS_BUCKET binding is not configured. Skipping report save.
[null] Attempting to save report to R2: trade-reports/mexc/BTC_USDT/2026-04-27T15-38-50-196Z-no-id.json
[null] Successfully saved report to R2. ETag: undefined
[987] Attempting to save report to R2: trade-reports/mexc/BTC_USDT/2026-04-27T15-38-50-196Z-987.json
[987] Failed to save report to R2: R2 Put Failed 520 |       // Check if put was called at all
521 |       expect(mockEnv.REPORTS_BUCKET.put).toHaveBeenCalled();
522 |     });
523 | 
524 |     it("should log error if R2 put fails", async () => {
525 |       const putError = new Error("R2 Put Failed");
                             ^
error: R2 Put Failed
      at <anonymous> (/home/jango/Git/hoox-setup/workers/trade-worker/src/index.test.ts:525:24)

Processing /process request ID: undefined
Received standardized request: {
  "internalAuthKey": "test-internal-key",
  "payload": {
    "exchange": "mexc",
    "action": "LONG",
    "symbol": "BTC_USDT",
    "quantity": 0.01,
    "leverage": 20
  }
}
Trade execution successful: {
  orderId: "mexc123",
}
[555] Calling TELEGRAM_SERVICE for notification...
[555] Notification sent via TELEGRAM_SERVICE.
[undefined] Trade successful, queueing report save to R2.
[555] Attempting to save report to R2: trade-reports/mexc/BTC_USDT/2026-04-27T15-38-50-199Z-555.json
[555] Successfully saved report to R2. ETag: undefined
Processing /process request ID: undefined
Received standardized request: {
  "internalAuthKey": "test-internal-key",
  "payload": {
    "exchange": "mexc",
    "action": "LONG",
    "symbol": "BTC_USDT",
    "quantity": -1,
    "leverage": 20
  }
}
Processing webhook request ID: c43ba77f-8756-40c9-9d17-e59a9c2acd48
Received webhook payload: {
  "exchange": "mexc",
  "action": "LONG",
  "symbol": "BTC_USDT",
  "quantity": 0.01,
  "leverage": 20
}
API secret bindings not configured or accessible for mexc
Processing /process request ID: undefined
Received standardized request: {
  "internalAuthKey": "test-internal-key",
  "payload": {
    "exchange": "mexc",
    "action": "LONG",
    "symbol": "BTC_USDT",
    "quantity": 0.01,
    "leverage": 20
  }
}
Failed to set leverage: 665 |       expect(body.success).toBe(false);
666 |       expect(body.error).toContain("API secret bindings not configured");
667 |     });
668 | 
669 |     it("should handle errors during setLeverage gracefully", async () => {
670 |       const leverageError = new Error("Leverage set failed");
                                  ^
error: Leverage set failed
      at <anonymous> (/home/jango/Git/hoox-setup/workers/trade-worker/src/index.test.ts:670:29)

Trade execution successful: {
  orderId: "mexc123",
}
[555] Calling TELEGRAM_SERVICE for notification...
[555] Notification sent via TELEGRAM_SERVICE.
[undefined] Trade successful, queueing report save to R2.
[555] Attempting to save report to R2: trade-reports/mexc/BTC_USDT/2026-04-27T15-38-50-200Z-555.json
[555] Successfully saved report to R2. ETag: undefined
Processing /process request ID: undefined
Received standardized request: {
  "internalAuthKey": "test-internal-key",
  "payload": {
    "exchange": "mexc",
    "action": "LONG",
    "symbol": "BTC_USDT",
    "quantity": 0.01,
    "leverage": 20
  }
}
Error in executeTrade: Trade execution failed 684 |       );
685 |       errorSpy.mockRestore();
686 |     });
687 | 
688 |     it("should return 500 if executeTrade fails", async () => {
689 |       const tradeError = new Error("Trade execution failed");
                               ^
error: Trade execution failed
      at <anonymous> (/home/jango/Git/hoox-setup/workers/trade-worker/src/index.test.ts:689:26)

Processing /process request ID: undefined
Received standardized request: {
  "internalAuthKey": "test-internal-key",
  "payload": {
    "exchange": "binance",
    "action": "LONG",
    "symbol": "BTC_USDT",
    "quantity": 0.01,
    "leverage": 20
  }
}
Trade execution successful: {
  orderId: "bin987",
}
[555] Calling TELEGRAM_SERVICE for notification...
[555] Notification sent via TELEGRAM_SERVICE.
[undefined] Trade successful, queueing report save to R2.
[555] Attempting to save report to R2: trade-reports/binance/BTC_USDT/2026-04-27T15-38-50-201Z-555.json
[555] Successfully saved report to R2. ETag: undefined
Processing /process request ID: undefined
Received standardized request: {
  "internalAuthKey": "test-internal-key",
  "payload": {
    "exchange": "mexc",
    "action": "LONG",
    "symbol": "BTC_USDT",
    "quantity": 0.01
  }
}
Trade execution successful: {
  orderId: "mexc123",
}
[555] Calling TELEGRAM_SERVICE for notification...
[555] Notification sent via TELEGRAM_SERVICE.
[undefined] Trade successful, queueing report save to R2.
[555] Attempting to save report to R2: trade-reports/mexc/BTC_USDT/2026-04-27T15-38-50-202Z-555.json
[555] Successfully saved report to R2. ETag: undefined
Processing /process request ID: undefined
Received standardized request: {
  "payload": {
    "exchange": "mexc",
    "action": "LONG",
    "symbol": "BTC_USDT",
    "quantity": 0.01,
    "leverage": 20
  }
}
Authentication failed for request ID: undefined
Processing /process request ID: undefined
Received standardized request: {
  "payload": {
    "exchange": "mexc",
    "action": "LONG",
    "symbol": "BTC_USDT",
    "quantity": 0.01,
    "leverage": 20
  }
}
Authentication failed for request ID: undefined
Processing /process request ID: undefined
Received standardized request: {
  "internalAuthKey": "test-internal-key",
  "payload": {
    "exchange": "mexc",
    "action": "LONG",
    "symbol": "BTC_USDT",
    "quantity": 0.01,
    "leverage": 20
  }
}
INTERNAL_KEY_BINDING binding not configured or accessible.

workers/trade-worker/test/mexc-client.test.ts:
MEXC Request: GET https://contract.mexc.com/api/v1/private/account/assets?currency=USDT&timestamp=1777304330207&signature=aabbccddeeff1122
MEXC Response Status: 200
MEXC Response Body: {
  "code": 200,
  "msg": "Success",
  "data": {
    "usdtBalance": 1000
  }
}
MEXC Request: POST https://contract.mexc.com/api/v1/private/order/submit
MEXC Request Body: {"symbol":"ETH_USDT","side":1,"type":2,"volume":0.1,"openType":1,"timestamp":1777304330208,"signature":"aabbccddeeff1122"}
MEXC Response Status: 200
MEXC Response Body: {
  "code": 200,
  "msg": "Success",
  "data": {
    "orderId": "mexc123"
  }
}
MEXC Request: POST https://contract.mexc.com/api/v1/private/position/change_leverage
MEXC Request Body: {"symbol":"BTC_USDT","leverage":10,"timestamp":1777304330208,"signature":"aabbccddeeff1122"}
MEXC Response Status: 200
MEXC Response Body: {
  "code": 200,
  "msg": "Success",
  "data": {
    "result": "mock data"
  }
}
MEXC Request: POST https://contract.mexc.com/api/v1/private/order/submit
MEXC Request Body: {"symbol":"ETH_USDT","side":1,"type":2,"openType":1,"volume":0.1,"timestamp":1777304330208,"signature":"aabbccddeeff1122"}
MEXC Response Status: 200
MEXC Response Body: {
  "code": 200,
  "msg": "Success",
  "data": {
    "result": "mock data"
  }
}
MEXC V1 API reduceOnly parameter needs verification.
MEXC Request: POST https://contract.mexc.com/api/v1/private/order/submit
MEXC Request Body: {"symbol":"ETH_USDT","side":4,"type":1,"openType":1,"volume":0.1,"price":1800,"timestamp":1777304330209,"signature":"aabbccddeeff1122"}
MEXC Response Status: 200
MEXC Response Body: {
  "code": 200,
  "msg": "Success",
  "data": {
    "result": "mock data"
  }
}
MEXC Request: GET https://contract.mexc.com/api/v1/private/account/assets?timestamp=1777304330209&signature=aabbccddeeff1122
MEXC Response Status: 200
MEXC Response Body: {
  "code": 200,
  "msg": "Success",
  "data": {
    "result": "mock data"
  }
}
MEXC Request: GET https://contract.mexc.com/api/v1/private/position/list?symbol=BTC_USDT&timestamp=1777304330209&signature=aabbccddeeff1122
MEXC Response Status: 200
MEXC Response Body: {
  "code": 200,
  "msg": "Success",
  "data": {
    "result": "mock data"
  }
}
MEXC Request: GET https://contract.mexc.com/api/v1/private/account/assets?timestamp=1777304330209&signature=aabbccddeeff1122
MEXC Response Status: 200
MEXC Response Body: {
  "code": 10006,
  "msg": "Signature verification failed",
  "data": null
}
MEXC Request: GET https://contract.mexc.com/api/v1/private/account/assets?timestamp=1777304330210&signature=aabbccddeeff1122
MEXC Response Status: 503
MEXC Response Body: {
  "code": 503,
  "msg": "Service Unavailable",
  "data": null
}
MEXC Request: GET https://contract.mexc.com/api/v1/private/account/assets?timestamp=1777304330210&signature=aabbccddeeff1122

workers/trade-worker/test/bybit-client.test.ts:
Bybit Request: GET https://api.bybit.com/v5/account/wallet-balance?accountType=UNIFIED&coin=USDT
Bybit Response Status: 200
Bybit Response Body: {
  "retCode": 0,
  "retMsg": "OK",
  "result": {
    "list": [
      {
        "coin": "USDT",
        "balance": "1000"
      }
    ]
  },
  "time": 1777304330216
}
Bybit Request: POST https://api.bybit.com/v5/order/create
Bybit Request Body: {"category":"linear","symbol":"ETHUSDT","side":"Buy","orderType":"Market","qty":"0.1"}
Bybit Response Status: 200
Bybit Response Body: {
  "retCode": 0,
  "retMsg": "OK",
  "result": {
    "orderId": "12345",
    "orderLinkId": "abc"
  },
  "time": 1777304330217
}
Bybit Request: POST https://api.bybit.com/v5/position/set-leverage
Bybit Request Body: {"category":"linear","symbol":"BTCUSDT","buyLeverage":"25","sellLeverage":"25"}
Bybit Response Status: 200
Bybit Response Body: {
  "retCode": 0,
  "retMsg": "OK",
  "result": {
    "data": "mock result"
  },
  "time": 1777304330217
}
Bybit Request: POST https://api.bybit.com/v5/order/create
Bybit Request Body: {"category":"linear","symbol":"ETHUSDT","side":"Buy","orderType":"Market","qty":"0.5"}
Bybit Response Status: 200
Bybit Response Body: {
  "retCode": 0,
  "retMsg": "OK",
  "result": {
    "data": "mock result"
  },
  "time": 1777304330217
}
Bybit Request: POST https://api.bybit.com/v5/order/create
Bybit Request Body: {"category":"linear","symbol":"ETHUSDT","side":"Buy","orderType":"Limit","qty":"0.5","price":"2000","reduceOnly":true}
Bybit Response Status: 200
Bybit Response Body: {
  "retCode": 0,
  "retMsg": "OK",
  "result": {
    "data": "mock result"
  },
  "time": 1777304330218
}
Bybit Request: GET https://api.bybit.com/v5/account/wallet-balance?accountType=UNIFIED
Bybit Response Status: 200
Bybit Response Body: {
  "retCode": 0,
  "retMsg": "OK",
  "result": {
    "data": "mock result"
  },
  "time": 1777304330218
}
Bybit Request: GET https://api.bybit.com/v5/position/list?category=linear&symbol=BTCUSDT
Bybit Response Status: 200
Bybit Response Body: {
  "retCode": 0,
  "retMsg": "OK",
  "result": {
    "data": "mock result"
  },
  "time": 1777304330218
}
Bybit Request: GET https://api.bybit.com/v5/account/wallet-balance?accountType=UNIFIED
Bybit Response Status: 200
Bybit Response Body: {
  "retCode": 10001,
  "retMsg": "Invalid API Key",
  "result": {},
  "time": 1777304330218
}
Bybit Request: GET https://api.bybit.com/v5/account/wallet-balance?accountType=UNIFIED
Bybit Response Status: 504
Bybit Response Body: {
  "retCode": 50400,
  "retMsg": "Gateway Timeout"
}
Bybit Request: GET https://api.bybit.com/v5/account/wallet-balance?accountType=UNIFIED

workers/trade-worker/test/binance-client.test.ts:
Binance Request: GET https://fapi.binance.com/fapi/v2/account?timestamp=1777304330221&signature=0123456789abcdef
Binance Response Status: 200
Binance Response Body: {
  "account": "data"
}
Binance Request: POST https://fapi.binance.com/fapi/v1/leverage?symbol=BTCUSDT&leverage=20&timestamp=1777304330222&signature=0123456789abcdef
Binance Response Status: 200
Binance Response Body: {
  "symbol": "BTCUSDT",
  "leverage": 20,
  "maxNotionalValue": "1000000"
}
Binance Request: POST https://fapi.binance.com/fapi/v1/leverage?symbol=ETHUSDT&leverage=10&timestamp=1777304330223&signature=0123456789abcdef
Binance Response Status: 200
Binance Response Body: {
  "success": true,
  "data": "mock data"
}
Binance Request: POST https://fapi.binance.com/fapi/v1/order?symbol=BTCUSDT&side=BUY&type=LIMIT&quantity=0.01&price=50000&timeInForce=GTC&timestamp=1777304330223&signature=0123456789abcdef
Binance Response Status: 200
Binance Response Body: {
  "success": true,
  "data": "mock data"
}
Binance Request: POST https://fapi.binance.com/fapi/v1/order?symbol=BTCUSDT&side=SELL&type=MARKET&quantity=0.01&timestamp=1777304330223&signature=0123456789abcdef
Binance Response Status: 200
Binance Response Body: {
  "success": true,
  "data": "mock data"
}
Binance Request: POST https://fapi.binance.com/fapi/v1/order?symbol=BTCUSDT&side=SELL&type=MARKET&quantity=0.01&reduceOnly=true&timestamp=1777304330223&signature=0123456789abcdef
Binance Response Status: 200
Binance Response Body: {
  "success": true,
  "data": "mock data"
}
Binance Request: POST https://fapi.binance.com/fapi/v1/order?symbol=BTCUSDT&side=BUY&type=MARKET&quantity=0.01&reduceOnly=true&timestamp=1777304330224&signature=0123456789abcdef
Binance Response Status: 200
Binance Response Body: {
  "success": true,
  "data": "mock data"
}
Binance Request: POST https://fapi.binance.com/fapi/v1/order?symbol=LINKUSDT&side=BUY&type=MARKET&quantity=10&timestamp=1777304330224&signature=0123456789abcdef
Binance Response Status: 200
Binance Response Body: {
  "success": true,
  "data": "mock data"
}
Binance Request: POST https://fapi.binance.com/fapi/v1/order?symbol=LINKUSDT&side=BUY&type=MARKET&quantity=10&reduceOnly=true&timestamp=1777304330224&signature=0123456789abcdef
Binance Response Status: 200
Binance Response Body: {
  "success": true,
  "data": "mock data"
}
Binance Request: GET https://fapi.binance.com/fapi/v2/account?timestamp=1777304330224&signature=0123456789abcdef
Binance Response Status: 200
Binance Response Body: {
  "success": true,
  "data": "mock data"
}
Binance Request: GET https://fapi.binance.com/fapi/v2/positionRisk?timestamp=1777304330225&signature=0123456789abcdef
Binance Response Status: 200
Binance Response Body: {
  "success": true,
  "data": "mock data"
}
Binance Request: GET https://fapi.binance.com/fapi/v2/positionRisk?symbol=ADAUSDT&timestamp=1777304330225&signature=0123456789abcdef
Binance Response Status: 200
Binance Response Body: {
  "success": true,
  "data": "mock data"
}
Binance Request: GET https://fapi.binance.com/fapi/v2/account?timestamp=1777304330225&signature=0123456789abcdef
Binance Response Status: 401
Binance Response Body: {
  "code": -1001,
  "msg": "Invalid API Key"
}
Binance Request: GET https://fapi.binance.com/fapi/v2/account?timestamp=1777304330225&signature=0123456789abcdef

workers/trade-worker/test/db-logger.test.ts:
SYSTEM_LOGS_BUCKET binding not found. Verbose request logging disabled.
SYSTEM_LOGS_BUCKET binding not found. Verbose request logging disabled.
Error logging request via R2: 91 |     expect(payload.path).toBe("/api/trade");
92 |     expect(payload.body).toEqual(requestBody);
93 |   });
94 | 
95 |   test("logRequest should return null if R2 put throws an error", async () => {
96 |     const putError = new Error("R2 Error");
                          ^
error: R2 Error
      at <anonymous> (/home/jango/Git/hoox-setup/workers/trade-worker/test/db-logger.test.ts:96:22)

SYSTEM_LOGS_BUCKET binding not found. Verbose request logging disabled.
Logged response for request ID: db-req-uuid-123
Logged response for request ID: db-req-uuid-123
Error logging response via R2: 161 |     const payload = JSON.parse(putCallArgs[1]);
162 |     expect(payload.error).toBe(error.toString());
163 |   });
164 | 
165 |   test("logResponse should handle put throwing an error gracefully", async () => {
166 |     const putError = new Error("R2 Error");
                           ^
error: R2 Error
      at <anonymous> (/home/jango/Git/hoox-setup/workers/trade-worker/test/db-logger.test.ts:166:22)


workers/hoox/test/killSwitch.test.ts:
Error reading kill switch KV: 40 |     const result = await checkKillSwitch(kv);
41 |     expect(result.enabled).toBe(false);
42 |   });
43 | 
44 |   test("handles KV error gracefully", async () => {
45 |     mockGet.mockRejectedValue(new Error("KV Error"));
                                   ^
error: KV Error
      at <anonymous> (/home/jango/Git/hoox-setup/workers/hoox/test/killSwitch.test.ts:45:31)


workers/hoox/test/idempotencyStore.test.ts:
[IdempotencyStore] Key stored: test-key
[IdempotencyStore] Key stored: new-key
[IdempotencyStore] Key stored: existing-key
[IdempotencyStore] Key stored: key-ttl
[IdempotencyStore] Cleanup called
[IdempotencyStore] Key stored: auto-init-key

workers/hoox/test/sessionManager.test.ts:
KV Session Error: 36 |     await getOrCreateSession(kv, "test-session");
37 |     expect(mockPut).toHaveBeenCalled();
38 |   });
39 | 
40 |   test("handles KV error gracefully", async () => {
41 |     mockGet.mockRejectedValue(new Error("KV Error"));
                                   ^
error: KV Error
      at <anonymous> (/home/jango/Git/hoox-setup/workers/hoox/test/sessionManager.test.ts:41:31)


workers/hoox/test/hoox.test.ts:
[validateApiKeyBinding] Validation result: false
[handleRequest] Invalid apiKey provided
[validateApiKeyBinding] WEBHOOK_API_KEY_BINDING is not configured.
[handleRequest] Invalid apiKey provided
[validateApiKeyBinding] Validation result: true
[db-req-uuid-123] processTrade: Received trade data: {
  requestId: "db-req-uuid-123",
  exchange: "mexc",
  action: "LONG",
  symbol: "BTC_USDT",
  quantity: 0.1,
  price: 50000,
  leverage: 20,
}
[db-req-uuid-123] Queue mode: queue_failover
[db-req-uuid-123] Calling TRADE_SERVICE service binding with payload: {
  exchange: "mexc",
  action: "LONG",
  symbol: "BTC_USDT",
  quantity: 0.1,
  price: 50000,
  leverage: 20,
}
Global Mock Fetch Called: http://trade-service/webhook
[db-req-uuid-123] Response from TRADE_SERVICE: {
  success: true,
  result: {
    mockedSuccess: true,
  },
}
[db-req-uuid-123] processNotification: Received notification data: {
  requestId: "db-req-uuid-123",
  message: "⚠️ BTC Hoox Signal: LONG at 50000",
  chatId: 123456789,
}
[db-req-uuid-123] Calling TELEGRAM_SERVICE service binding with payload...
Global Mock Fetch Called: http://telegram-service/process
[db-req-uuid-123] Response from TELEGRAM_SERVICE: {
  success: true,
  result: {
    mockedSuccess: true,
  },
}
[handleRequest] Returning SUCCESS response (status 200) for db-req-uuid-123
[validateApiKeyBinding] Validation result: true
[db-req-uuid-123] processTrade: Received trade data: {
  requestId: "db-req-uuid-123",
  exchange: "mexc",
  action: "LONG",
  symbol: "BTC_USDT",
  quantity: 0.1,
  price: 50000,
  leverage: 20,
}
[db-req-uuid-123] Queue mode: queue_failover
[db-req-uuid-123] Calling TRADE_SERVICE service binding with payload: {
  exchange: "mexc",
  action: "LONG",
  symbol: "BTC_USDT",
  quantity: 0.1,
  price: 50000,
  leverage: 20,
}
[db-req-uuid-123] Response from TRADE_SERVICE: {
  success: true,
}
[db-req-uuid-123] processNotification: Received notification data: {
  requestId: "db-req-uuid-123",
  message: "⚠️ BTC Hoox Signal: LONG at 50000",
  chatId: 123456789,
}
[db-req-uuid-123] INTERNAL_KEY_BINDING is not configured for Telegram call auth.
Notification processing failed for db-req-uuid-123: Internal authentication key not configured.
[handleRequest] Returning FAILURE response (status 500) for db-req-uuid-123 due to: Internal authentication key not configured.
[validateApiKeyBinding] Validation result: true
[db-req-uuid-123] processTrade: Received trade data: {
  requestId: "db-req-uuid-123",
  exchange: "mexc",
  action: "LONG",
  symbol: "BTC_USDT",
  quantity: 0.1,
  price: 50000,
  leverage: 20,
}
[db-req-uuid-123] Queue mode: queue_failover
[db-req-uuid-123] Calling TRADE_SERVICE service binding with payload: {
  exchange: "mexc",
  action: "LONG",
  symbol: "BTC_USDT",
  quantity: 0.1,
  price: 50000,
  leverage: 20,
}
Global Mock Fetch Called: http://trade-service/webhook
[db-req-uuid-123] Response from TRADE_SERVICE: {
  success: true,
  result: {
    mockedSuccess: true,
  },
}
[handleRequest] Returning SUCCESS response (status 200) for db-req-uuid-123
[validateApiKeyBinding] Validation result: true
[db-req-uuid-123] processNotification: Received notification data: {
  requestId: "db-req-uuid-123",
  message: "⚠️ BTC Hoox Signal: LONG at 50000",
  chatId: 123456789,
}
[db-req-uuid-123] Calling TELEGRAM_SERVICE service binding with payload...
Global Mock Fetch Called: http://telegram-service/process
[db-req-uuid-123] Response from TELEGRAM_SERVICE: {
  success: true,
  result: {
    mockedSuccess: true,
  },
}
[handleRequest] Returning SUCCESS response (status 200) for db-req-uuid-123
[validateApiKeyBinding] Validation result: true
[db-req-uuid-123] processTrade: Received trade data: {
  requestId: "db-req-uuid-123",
  exchange: "mexc",
  action: "LONG",
  symbol: "BTC_USDT",
  quantity: 0.1,
  price: 50000,
  leverage: 20,
}
[db-req-uuid-123] Queue mode: queue_failover
[db-req-uuid-123] Calling TRADE_SERVICE service binding with payload: {
  exchange: "mexc",
  action: "LONG",
  symbol: "BTC_USDT",
  quantity: 0.1,
  price: 50000,
  leverage: 20,
}
Global Mock Fetch Called: http://trade-service/webhook with body: {"exchange":"mexc","action":"LONG","symbol":"BTC_USDT","quantity":0.1,"price":50000,"leverage":20}
Simulating Trade Service Fetch Error
[db-req-uuid-123] Exception calling TRADE_SERVICE: Simulated Trade Worker Fetch Error 499 |       // We need to inspect the request to know which service is being called,
500 |       // since service bindings don't use distinct URLs in the mock.
501 |       // Let's check the body content (assuming trade has 'exchange', notify has 'message')
502 |       if (body.includes('"exchange":')) {
503 |         console.log("Simulating Trade Service Fetch Error");
504 |         throw new Error("Simulated Trade Worker Fetch Error");
                    ^
error: Simulated Trade Worker Fetch Error
      at <anonymous> (/home/jango/Git/hoox-setup/workers/hoox/test/hoox.test.ts:504:15)
      at async processTrade (/home/jango/Git/hoox-setup/workers/hoox/src/index.ts:602:46)
      at async handleRequest (/home/jango/Git/hoox-setup/workers/hoox/src/index.ts:295:27)
      at async fetch (/home/jango/Git/hoox-setup/workers/hoox/src/index.ts:220:30)
      at async <anonymous> (/home/jango/Git/hoox-setup/workers/hoox/test/hoox.test.ts:537:44)

Trade processing failed for db-req-uuid-123: Exception during trade service call: Simulated Trade Worker Fetch Error
[db-req-uuid-123] processNotification: Received notification data: {
  requestId: "db-req-uuid-123",
  message: "⚠️ BTC Hoox Signal: LONG at 50000",
  chatId: 123456789,
}
[db-req-uuid-123] Calling TELEGRAM_SERVICE service binding with payload...
Global Mock Fetch Called: http://telegram-service/process with body: {"requestId":"db-req-uuid-123","internalAuthKey":"test-internal-key","payload":{"message":"⚠️ BTC Hoox Signal: LONG at 50000","chatId":123456789}}
Simulating Telegram Service Success
[db-req-uuid-123] Response from TELEGRAM_SERVICE: {
  success: true,
  result: {
    forwarded: true,
  },
}
[handleRequest] Returning FAILURE response (status 500) for db-req-uuid-123 due to: Exception during trade service call: Simulated Trade Worker Fetch Error

workers/hoox/test/ipAllowlist.test.ts:
Error loading IP config from KV: 50 |     expect(result.allowed).toBe(true);
51 |     expect(result.config.allowedIps.has("192.168.1.1")).toBe(true);
52 |   });
53 | 
54 |   test("handles KV error gracefully", async () => {
55 |     mockGet.mockRejectedValue(new Error("KV Error"));
                                   ^
error: KV Error
      at <anonymous> (/home/jango/Git/hoox-setup/workers/hoox/test/ipAllowlist.test.ts:55:31)

Error loading IP config from KV: 77 |       ipCheckEnabled = kvValue.toLowerCase() === "true";
78 |     }
79 | 
80 |     const customIpsStr = await kv.get(KV_ALLOWED_IPS_KEY);
81 |     if (customIpsStr) {
82 |       const customIps = JSON.parse(customIpsStr);
                                  ^
SyntaxError: JSON Parse error: Unexpected identifier "not"
      at loadIpConfig (/home/jango/Git/hoox-setup/workers/hoox/src/ipAllowlist.ts:82:30)
      at async checkIpAllowlist (/home/jango/Git/hoox-setup/workers/hoox/src/ipAllowlist.ts:40:26)
      at async <anonymous> (/home/jango/Git/hoox-setup/workers/hoox/test/ipAllowlist.test.ts:66:26)


workers/d1-worker/test/d1-worker.test.ts:
[unknown] D1 Worker received request: POST /query
[unknown] Executing D1 query: SELECT * FROM trade_requests
[unknown] D1 SELECT result: success=true
[unknown] D1 Worker received request: POST /query
[unknown] Unauthorized request to /query - invalid or missing internal auth key
[unknown] D1 Worker received request: POST /query
[unknown] Unauthorized request to /query - invalid or missing internal auth key
[unknown] D1 Worker received request: POST /query
[unknown] Executing D1 query: SELECT * FROM trade_requests
[unknown] D1 SELECT result: success=true
[unknown] D1 Worker received request: POST /unknown
[unknown] D1 Worker received request: POST /query
[unknown] Executing D1 query: SELECT * FROM trade_requests
[unknown] D1 SELECT result: success=true
[unknown] D1 Worker received request: POST /query
[unknown] Executing D1 query: INSERT INTO trade_requests (method, path) VALUES (?, ?)
[unknown] D1 write result: success=true, changes=1
[unknown] D1 Worker received request: POST /batch
[unknown] Executing D1 batch with 2 statements.
[unknown] D1 batch result: overallSuccess=true
[unknown] D1 Worker received request: GET /query
[unknown] D1 Worker received request: POST /query
[unknown] Executing D1 query: SELECT * FROM trade_requests WHERE id = ?
[unknown] Error handling D1 request: Database error 260 |   });
261 | 
262 |   test("handles database errors", async () => {
263 |     // Override the mock DB behavior
264 |     mockDB.prepare.mockImplementation(() => {
265 |       throw new Error("Database error");
                  ^
error: Database error
      at <anonymous> (/home/jango/Git/hoox-setup/workers/d1-worker/test/d1-worker.test.ts:265:13)
      at handleRequest (/home/jango/Git/hoox-setup/workers/d1-worker/src/index.ts:124:29)
      at async fetch (/home/jango/Git/hoox-setup/workers/d1-worker/src/index.ts:47:28)
      at async <anonymous> (/home/jango/Git/hoox-setup/workers/d1-worker/test/d1-worker.test.ts:277:37)

[unknown] D1 Worker received request: POST /query
[unknown] Payload parsing error for /query: Invalid payload: missing or invalid 'query' field.
[unknown] D1 Worker received request: POST /query
[unknown] Payload parsing error for /query: Invalid payload: missing or invalid 'query' field.
[unknown] D1 Worker received request: POST /query
[unknown] Payload parsing error for /query: Failed to parse JSON
[unknown] D1 Worker received request: POST /query
[unknown] Executing D1 query: SELECT * FROM nonexistent_table
[unknown] D1 SELECT result: success=false
[unknown] Error handling D1 request: Table not found 128 |           const result: D1Result<Record<string, unknown>> = await stmt.all();
129 |           console.log(
130 |             `[${requestId}] D1 SELECT result: success=${result.success}`
131 |           );
132 |           if (!result.success) {
133 |             throw new Error(result.error || "D1 SELECT query failed");
                        ^
error: Table not found
      at handleRequest (/home/jango/Git/hoox-setup/workers/d1-worker/src/index.ts:133:19)
      at async fetch (/home/jango/Git/hoox-setup/workers/d1-worker/src/index.ts:47:28)
      at async <anonymous> (/home/jango/Git/hoox-setup/workers/d1-worker/test/d1-worker.test.ts:371:37)

[unknown] D1 Worker received request: POST /query
[unknown] Executing D1 query: INSERT INTO trade_requests (id) VALUES (?)
[unknown] D1 write result: success=false, changes=undefined
[unknown] Error handling D1 request: Constraint violation 142 |           const result: D1Result = await stmt.run();
143 |           console.log(
144 |             `[${requestId}] D1 write result: success=${result.success}, changes=${result.meta?.changes}`
145 |           );
146 |           if (!result.success) {
147 |             throw new Error(result.error || "D1 write query failed");
                        ^
error: Constraint violation
      at handleRequest (/home/jango/Git/hoox-setup/workers/d1-worker/src/index.ts:147:19)
      at async fetch (/home/jango/Git/hoox-setup/workers/d1-worker/src/index.ts:47:28)
      at async <anonymous> (/home/jango/Git/hoox-setup/workers/d1-worker/test/d1-worker.test.ts:398:37)

[unknown] D1 Worker received request: POST /query
[unknown] Executing D1 query: CREATE TABLE test (id INTEGER)
[unknown] Unsupported query type starting with: CREATE TAB...
[unknown] D1 Worker received request: GET /api/dashboard/stats
[unknown] D1 Worker received request: GET /api/dashboard/stats
[unknown] D1 Worker received request: GET /api/dashboard/positions
[unknown] D1 Worker received request: GET /api/dashboard/positions
[unknown] D1 Worker received request: GET /api/dashboard/logs
[unknown] D1 Worker received request: GET /api/dashboard/logs
[unknown] D1 Worker received request: GET /api/dashboard/balances
[unknown] D1 Worker received request: GET /api/dashboard/balances
[unknown] D1 Worker received request: GET /api/settings
[unknown] D1 Worker received request: POST /api/settings
[unknown] D1 Worker received request: POST /api/settings
[unknown] D1 Worker received request: POST /api/settings
[unknown] D1 Worker received request: POST /batch
[unknown] Payload parsing error for /batch: Invalid payload: missing or invalid 'statements' array.
[unknown] D1 Worker received request: POST /batch
[unknown] Payload parsing error for /batch: Invalid payload: one or more statements missing 'query'.
[unknown] D1 Worker received request: POST /batch
[unknown] Executing D1 batch with 2 statements.
[unknown] D1 batch result: overallSuccess=false
[unknown] D1 batch failure: Constraint violation
[unknown] D1 Worker received request: GET /health
[unknown] D1 Worker received request: GET /health
[unknown] D1 Worker received request: POST /health

workers/telegram-worker/test/telegram-worker.test.ts:
Logged timestamp 2026-04-27T15:38:50.364Z to KV with key timestamp_2026-04-27T15:38:50.364Z
Processing legacy Telegram request ID: test-req-1
[test-req-1] INTERNAL_KEY_BINDING secret not configured.
Logged timestamp 2026-04-27T15:38:50.365Z to KV with key timestamp_2026-04-27T15:38:50.365Z
Processing legacy Telegram request ID: test-req-2
[test-req-2] Authentication failed.
Logged timestamp 2026-04-27T15:38:50.365Z to KV with key timestamp_2026-04-27T15:38:50.365Z
Processing legacy Telegram request ID: req-1
[req-1] Sending message to chat ID 123
[req-1] Telegram API Success Response: {
  ok: true,
  result: {
    message_id: 123,
  },
}
Logged timestamp 2026-04-27T15:38:50.366Z to KV with key timestamp_2026-04-27T15:38:50.366Z
Processing legacy Telegram request ID: req-2
[req-2] Sending message to chat ID default-chat-id
[req-2] Telegram API Success Response: {
  ok: true,
  result: {
    message_id: 123,
  },
}
Logged timestamp 2026-04-27T15:38:50.367Z to KV with key timestamp_2026-04-27T15:38:50.367Z
Processing legacy Telegram request ID: req-3
[req-3] Chat ID missing and default not configured.
[req-3] Error processing request: Chat ID configuration error 308 | 
309 |   const chatId = payload.chatId || defaultChatId;
310 | 
311 |   if (!chatId) {
312 |     console.error(`[${requestId}] Chat ID missing and default not configured.`);
313 |     throw new Error("Chat ID configuration error");
                ^
error: Chat ID configuration error
      at sendTelegramNotification (/home/jango/Git/hoox-setup/workers/telegram-worker/src/index.ts:313:11)
      at async handleProcessRequest (/home/jango/Git/hoox-setup/workers/telegram-worker/src/index.ts:764:34)
      at async fetch (/home/jango/Git/hoox-setup/workers/telegram-worker/src/index.ts:103:22)
      at async <anonymous> (/home/jango/Git/hoox-setup/workers/telegram-worker/test/telegram-worker.test.ts:297:43)

Logged timestamp 2026-04-27T15:38:50.367Z to KV with key timestamp_2026-04-27T15:38:50.367Z
Processing legacy Telegram request ID: req-4
[req-4] TG_BOT_TOKEN_BINDING secret not configured.
[req-4] Error processing request: Telegram bot token not configured. 286 |   requestId?: string
287 | ): Promise<any> {
288 |   const botToken = env.TG_BOT_TOKEN_BINDING;
289 |   if (!botToken) {
290 |     console.error(`[${requestId}] TG_BOT_TOKEN_BINDING secret not configured.`);
291 |     throw new Error("Telegram bot token not configured.");
                ^
error: Telegram bot token not configured.
      at sendTelegramNotification (/home/jango/Git/hoox-setup/workers/telegram-worker/src/index.ts:291:11)
      at handleProcessRequest (/home/jango/Git/hoox-setup/workers/telegram-worker/src/index.ts:764:34)
      at async fetch (/home/jango/Git/hoox-setup/workers/telegram-worker/src/index.ts:103:22)
      at async <anonymous> (/home/jango/Git/hoox-setup/workers/telegram-worker/test/telegram-worker.test.ts:323:43)

Logged timestamp 2026-04-27T15:38:50.368Z to KV with key timestamp_2026-04-27T15:38:50.368Z
Processing legacy Telegram request ID: req-5
[req-5] Sending message to chat ID 123
[req-5] Error processing request: Network Error 332 |       internalKey: TEST_INTERNAL_KEY,
333 |       botToken: TEST_BOT_TOKEN,
334 |       chatId: TEST_CHAT_ID,
335 |       webhookSecret: undefined,
336 |     });
337 |     fetchMock.mockRejectedValue(new Error("Network Error"));
                                      ^
error: Network Error
      at <anonymous> (/home/jango/Git/hoox-setup/workers/telegram-worker/test/telegram-worker.test.ts:337:33)

Logged timestamp 2026-04-27T15:38:50.368Z to KV with key timestamp_2026-04-27T15:38:50.368Z
Processing legacy Telegram request ID: req-6
[req-6] Sending message to chat ID 123
[req-6] Telegram API Error: {
  ok: false,
  description: "Chat not found",
}
[req-6] Error processing request: Telegram API request failed (404): Chat not found 332 | 
333 |   const responseData = (await response.json()) as any;
334 | 
335 |   if (!response.ok) {
336 |     console.error(`[${requestId}] Telegram API Error:`, responseData);
337 |     throw new Error(
                ^
error: Telegram API request failed (404): Chat not found
      at sendTelegramNotification (/home/jango/Git/hoox-setup/workers/telegram-worker/src/index.ts:337:11)
      at async handleProcessRequest (/home/jango/Git/hoox-setup/workers/telegram-worker/src/index.ts:764:34)
      at async fetch (/home/jango/Git/hoox-setup/workers/telegram-worker/src/index.ts:103:22)
      at async <anonymous> (/home/jango/Git/hoox-setup/workers/telegram-worker/test/telegram-worker.test.ts:381:43)

Generating embeddings for input text...
Successfully generated 1 embedding(s).
AI binding is not configured in the environment.
Generating embeddings for input text...
Error generating embeddings: AI API Error 458 |       await expect(generateEmbeddingsFn("Test", envWithoutAI)).rejects.toThrow(
459 |         "AI service not available."
460 |       );
461 |     });
462 |     test("should throw error if AI run fails", async () => {
463 |       const error = new Error("AI API Error");
                          ^
error: AI API Error
      at <anonymous> (/home/jango/Git/hoox-setup/workers/telegram-worker/test/telegram-worker.test.ts:463:21)

Generating embeddings for input text...
Invalid response structure from AI embedding model: {
  invalid: "structure",
}
Error generating embeddings: Failed to parse embeddings from AI response. 150 |     if (!response || !response.data || !Array.isArray(response.data)) {
151 |       console.error(
152 |         "Invalid response structure from AI embedding model:",
153 |         response
154 |       );
155 |       throw new Error("Failed to parse embeddings from AI response.");
                  ^
error: Failed to parse embeddings from AI response.
      at generateEmbeddings (/home/jango/Git/hoox-setup/workers/telegram-worker/src/index.ts:155:13)
      at <anonymous> (/home/jango/Git/hoox-setup/workers/telegram-worker/test/telegram-worker.test.ts:473:17)

Inserting 2 vector(s) into Vectorize index...
Vectorize insertion successful: {
  success: true,
  count: 2,
}
VECTORIZE_INDEX binding is not configured in the environment.
Inserting 2 vector(s) into Vectorize index...
Error inserting embeddings into Vectorize: Vectorize Insert Failed 512 |       ).rejects.toThrow(
513 |         "Number of vectors must match number of metadata objects."
514 |       );
515 |     });
516 |     test("should handle Vectorize insert error", async () => {
517 |       const error = new Error("Vectorize Insert Failed");
                          ^
error: Vectorize Insert Failed
      at <anonymous> (/home/jango/Git/hoox-setup/workers/telegram-worker/test/telegram-worker.test.ts:517:21)

No data to insert into Vectorize.
Generating embedding for query: "Search query"...
Generating embeddings for input text...
Successfully generated 1 embedding(s).
Querying Vectorize index with topK=5...
Vectorize query found 1 match(es).
Generating embedding for query: "Search query"...
Generating embeddings for input text...
Successfully generated 1 embedding(s).
Querying Vectorize index with topK=3...
Vectorize query found 1 match(es).
AI binding is not configured.
VECTORIZE_INDEX binding is not configured.
Generating embedding for query: "Search query"...
Generating embeddings for input text...
Error generating embeddings: AI Fail 573 |       await expect(queryEmbeddingsFn(queryText, envWithoutVec)).rejects.toThrow(
574 |         "Vectorize service not available."
575 |       );
576 |     });
577 |     test("should throw if query embedding generation fails", async () => {
578 |       const aiError = new Error("AI Fail");
                            ^
error: AI Fail
      at <anonymous> (/home/jango/Git/hoox-setup/workers/telegram-worker/test/telegram-worker.test.ts:578:23)

Error querying embeddings: Failed to generate embeddings: AI Fail 161 |     const errorMsg =
162 |       error instanceof Error
163 |         ? error.message
164 |         : String(error || "Unknown AI error");
165 |     console.error("Error generating embeddings:", errorMsg, error);
166 |     throw new Error(`Failed to generate embeddings: ${errorMsg}`);
                ^
error: Failed to generate embeddings: AI Fail
      at generateEmbeddings (/home/jango/Git/hoox-setup/workers/telegram-worker/src/index.ts:166:11)
      at async queryEmbeddings (/home/jango/Git/hoox-setup/workers/telegram-worker/src/index.ts:250:35)
      at <anonymous> (/home/jango/Git/hoox-setup/workers/telegram-worker/test/telegram-worker.test.ts:582:17)

Generating embedding for query: "Search query"...
Generating embeddings for input text...
Successfully generated 1 embedding(s).
Querying Vectorize index with topK=3...
Error querying embeddings: Vectorize Fail 583 |         `Failed to query embeddings: Failed to generate embeddings: ${aiError.message}`
584 |       );
585 |       expect(mockVectorizeQuery).not.toHaveBeenCalled();
586 |     });
587 |     test("should throw if Vectorize query fails", async () => {
588 |       const vectorizeError = new Error("Vectorize Fail");
                                   ^
error: Vectorize Fail
      at <anonymous> (/home/jango/Git/hoox-setup/workers/telegram-worker/test/telegram-worker.test.ts:588:30)

Listing objects in R2 bucket...
Found latest object: latest_trade_signal.json
Successfully retrieved object body for key: latest_trade_signal.json
R2_BUCKET binding is not configured.
Listing objects in R2 bucket...
Found latest object: latest_trade_signal.json
Failed to retrieve object body for key: latest_trade_signal.json
Listing objects in R2 bucket...
Found latest object: latest_trade_signal.json
Error fetching latest trade signal from R2: 624 |       );
625 |       expect(result).toBeNull();
626 |       expect(mockR2Get).toHaveBeenCalledWith("latest_trade_signal.json");
627 |     });
628 |     test("should return null if R2 get fails", async () => {
629 |       const error = new Error("R2 Get Failed");
                          ^
error: R2 Get Failed
      at <anonymous> (/home/jango/Git/hoox-setup/workers/telegram-worker/test/telegram-worker.test.ts:629:21)

Logged timestamp 2026-04-27T15:38:50.373Z to KV with key timestamp_2026-04-27T15:38:50.373Z
Invalid or missing Telegram secret token received.
Logged timestamp 2026-04-27T15:38:50.375Z to KV with key timestamp_2026-04-27T15:38:50.375Z
Invalid or missing Telegram secret token received.
Logged timestamp 2026-04-27T15:38:50.376Z to KV with key timestamp_2026-04-27T15:38:50.376Z
Invalid or missing Telegram secret token received.
Logged timestamp 2026-04-27T15:38:50.376Z to KV with key timestamp_2026-04-27T15:38:50.376Z
Received Telegram update: {
  "update_id": 12345,
  "message": {
    "message_id": 555,
    "chat": {
      "id": 987654321,
      "type": "private"
    },
    "date": 1777304330,
    "text": "This is a test message",
    "from": {
      "id": 111,
      "is_bot": false,
      "first_name": "Test"
    }
  }
}
Indexing message: "This is a test message"
Generating embeddings for input text...
Successfully generated 1 embedding(s).
Inserting 1 vector(s) into Vectorize index...
Vectorize insertion successful: {
  success: true,
  count: 1,
}

workers/email-worker/test/email-worker.test.ts:
[json] Signal: {"exchange":"binance","action":"buy","symbol":"BTCUSDT","quantity":0.1,"leverage":10}
[mailgun] Signal: {"exchange":"mexc","action":"sell","symbol":"ETHUSDT","quantity":1}
[mailgun] Signal: {"exchange":"bybit","action":"buy","symbol":"SOLUSDT","quantity":10}
[json] Signal: {"exchange":"binance","action":"buy","symbol":"BTC","quantity":100}
[json] Signal: {"exchange":"binance","action":"buy","symbol":"BTC","quantity":100}
[json] Signal: {"exchange":"binance","action":"buy","symbol":"BTC","quantity":100}
[json] Signal: {"exchange":"binance","action":"buy","symbol":"ETHUSDT","quantity":100}
Invalid Mailgun signature
MAILGUN_API_KEY not configured

workers/email-worker/test/index.spec.ts:
[mailgun] Signal: {"exchange":"mexc","action":"buy","symbol":"BTC_USDT","quantity":100}
[json] Signal: {"exchange":"binance","action":"buy","symbol":"ETH_USDT","quantity":100}
[json] Signal: {"exchange":"binance","action":"buy","symbol":"ETH_USDT","quantity":100}
[IMAP] Scanning user@test.com@imap.test.com for: Trading Signal

packages/hoox-cli/test/keyUtils.test.ts:
[2mCreated directory: /tmp/hoox-cli-test-1777304330473/.keys[0m
[2mCreated directory: /tmp/hoox-cli-test-1777304330473/.keys[0m
[32m✅ Key "TEST_KEY" saved to local_keys.env.[0m
[2mCreated directory: /tmp/hoox-cli-test-1777304330473/.keys[0m
[2mCreated directory: /tmp/hoox-cli-test-1777304330473/.keys[0m
[32m✅ Key "QUOTED_KEY" saved to local_keys.env.[0m
[2mCreated directory: /tmp/hoox-cli-test-1777304330473/.keys[0m
[2mCreated directory: /tmp/hoox-cli-test-1777304330473/.keys[0m
[2mCreated directory: /tmp/hoox-cli-test-1777304330473/.keys[0m
[32m✅ Key "NEW_KEY" saved to local_keys.env.[0m
[2mCreated directory: /tmp/hoox-cli-test-1777304330473/.keys[0m
[2mCreated directory: /tmp/hoox-cli-test-1777304330473/.keys[0m
[32m✅ Key "UPDATE_KEY" saved to local_keys.env.[0m
[2mCreated directory: /tmp/hoox-cli-test-1777304330473/.keys[0m
[32m✅ Key "UPDATE_KEY" saved to local_keys.env.[0m
[2mCreated directory: /tmp/hoox-cli-test-1777304330473/.keys[0m
[2mCreated directory: /tmp/hoox-cli-test-1777304330473/.keys[0m
[32m✅ Key "KEY_ONE" saved to local_keys.env.[0m
[2mCreated directory: /tmp/hoox-cli-test-1777304330473/.keys[0m
[32m✅ Key "KEY_TWO" saved to local_keys.env.[0m
[2mCreated directory: /tmp/hoox-cli-test-1777304330473/.keys[0m
[2mCreated directory: /tmp/hoox-cli-integration-1777304330473/.keys[0m
[32m✅ Key "LIFECYCLE_KEY" saved to local_keys.env.[0m
[2mCreated directory: /tmp/hoox-cli-integration-1777304330473/.keys[0m
[2mCreated directory: /tmp/hoox-cli-integration-1777304330473/.keys[0m
[32m✅ Key "LIFECYCLE_KEY" saved to local_keys.env.[0m
[2mCreated directory: /tmp/hoox-cli-integration-1777304330473/.keys[0m
[2mCreated directory: /tmp/hoox-cli-integration-1777304330473/.keys[0m
[32m✅ Key "SPECIAL_KEY" saved to local_keys.env.[0m
[2mCreated directory: /tmp/hoox-cli-integration-1777304330473/.keys[0m

packages/hoox-cli/test/configUtils.test.ts:
146 | describe("stringifyToml", () => {
147 |   const { stringifyToml } = require("../src/configUtils.js");
148 | 
149 |   test("should serialize null values", () => {
150 |     const result = stringifyToml({ key: null });
151 |     expect(result).toContain('key = null');
                         ^
error: Received value must be an array type, or both received and expected values must be strings.
      at <anonymous> (/home/jango/Git/hoox-setup/packages/hoox-cli/test/configUtils.test.ts:151:20)
(fail) stringifyToml > should serialize null values [1.00ms]
151 |     expect(result).toContain('key = null');
152 |   });
153 | 
154 |   test("should serialize undefined values", () => {
155 |     const result = stringifyToml({ key: undefined });
156 |     expect(result).toContain('key = ');
                         ^
error: Received value must be an array type, or both received and expected values must be strings.
      at <anonymous> (/home/jango/Git/hoox-setup/packages/hoox-cli/test/configUtils.test.ts:156:20)
(fail) stringifyToml > should serialize undefined values
156 |     expect(result).toContain('key = ');
157 |   });
158 | 
159 |   test("should serialize simple string values", () => {
160 |     const result = stringifyToml({ key: "value" });
161 |     expect(result).toContain('key = "value"');
                         ^
error: Received value must be an array type, or both received and expected values must be strings.
      at <anonymous> (/home/jango/Git/hoox-setup/packages/hoox-cli/test/configUtils.test.ts:161:20)
(fail) stringifyToml > should serialize simple string values
161 |     expect(result).toContain('key = "value"');
162 |   });
163 | 
164 |   test("should serialize number values", () => {
165 |     const result = stringifyToml({ num: 42 });
166 |     expect(result).toContain("num = 42");
                         ^
error: Received value must be an array type, or both received and expected values must be strings.
      at <anonymous> (/home/jango/Git/hoox-setup/packages/hoox-cli/test/configUtils.test.ts:166:20)
(fail) stringifyToml > should serialize number values
166 |     expect(result).toContain("num = 42");
167 |   });
168 | 
169 |   test("should serialize boolean values", () => {
170 |     const result = stringifyToml({ flag: true });
171 |     expect(result).toContain("flag = true");
                         ^
error: Received value must be an array type, or both received and expected values must be strings.
      at <anonymous> (/home/jango/Git/hoox-setup/packages/hoox-cli/test/configUtils.test.ts:171:20)
(fail) stringifyToml > should serialize boolean values
171 |     expect(result).toContain("flag = true");
172 |   });
173 | 
174 |   test("should serialize arrays", () => {
175 |     const result = stringifyToml({ arr: ["a", "b", "c"] });
176 |     expect(result).toContain('arr = ["a", "b", "c"]');
                         ^
error: Received value must be an array type, or both received and expected values must be strings.
      at <anonymous> (/home/jango/Git/hoox-setup/packages/hoox-cli/test/configUtils.test.ts:176:20)
(fail) stringifyToml > should serialize arrays
176 |     expect(result).toContain('arr = ["a", "b", "c"]');
177 |   });
178 | 
179 |   test("should serialize nested objects as tables", () => {
180 |     const result = stringifyToml({ nested: { inner: "value" } });
181 |     expect(result).toContain("[nested]");
                         ^
error: Received value must be an array type, or both received and expected values must be strings.
      at <anonymous> (/home/jango/Git/hoox-setup/packages/hoox-cli/test/configUtils.test.ts:181:20)
(fail) stringifyToml > should serialize nested objects as tables
182 |     expect(result).toContain('inner = "value"');
183 |   });
184 | 
185 |   test("should serialize deeply nested objects", () => {
186 |     const result = stringifyToml({ a: { b: { c: "deep" } } });
187 |     expect(result).toContain("[a]");
                         ^
error: Received value must be an array type, or both received and expected values must be strings.
      at <anonymous> (/home/jango/Git/hoox-setup/packages/hoox-cli/test/configUtils.test.ts:187:20)
(fail) stringifyToml > should serialize deeply nested objects
189 |     expect(result).toContain('c = "deep"');
190 |   });
191 | 
192 |   test("should serialize flat objects without tables", () => {
193 |     const result = stringifyToml({ flat: { x: 1, y: 2 } });
194 |     expect(result).toContain("[flat]");
                         ^
error: Received value must be an array type, or both received and expected values must be strings.
      at <anonymous> (/home/jango/Git/hoox-setup/packages/hoox-cli/test/configUtils.test.ts:194:20)
(fail) stringifyToml > should serialize flat objects without tables
196 |     expect(result).toContain("y = 2");
197 |   });
198 | 
199 |   test("should serialize empty array", () => {
200 |     const result = stringifyToml({ arr: [] });
201 |     expect(result).toContain("arr = []");
                         ^
error: Received value must be an array type, or both received and expected values must be strings.
      at <anonymous> (/home/jango/Git/hoox-setup/packages/hoox-cli/test/configUtils.test.ts:201:20)
(fail) stringifyToml > should serialize empty array

packages/hoox-cli/test/utils.test.ts:
Executing in /tmp: echo hello
hello

Executing in /tmp: echo test-output
test-output

Executing in /tmp: nonexistent-cmd-xyz
Stderr: sh: 1: nonexistent-cmd-xyz: not found

319 | 
320 |   test("should return success for working command", async () => {
321 |     const { runCommandAsync } = await import("../src/utils.js");
322 |     const result = await runCommandAsync("echo", ["async-test"], "/tmp");
323 | 
324 |     expect(result.success).toBe(true);
                 ^
TypeError: undefined is not an object (evaluating 'result.success')
      at <anonymous> (/home/jango/Git/hoox-setup/packages/hoox-cli/test/utils.test.ts:324:12)
(fail) Utils - runCommandAsync > should return success for working command [1.00ms]
328 | 
329 |   test("should capture stderr output", async () => {
330 |     const { runCommandAsync } = await import("../src/utils.js");
331 |     const result = await runCommandAsync("sh", ["-c", "echo error >&2"], "/tmp");
332 | 
333 |     expect(result.stderr).toBeDefined();
                 ^
TypeError: undefined is not an object (evaluating 'result.stderr')
      at <anonymous> (/home/jango/Git/hoox-setup/packages/hoox-cli/test/utils.test.ts:333:12)
(fail) Utils - runCommandAsync > should capture stderr output
Executing with stdin in /tmp: cat 
373 | 
374 |   test("should return exit code 0 for success", async () => {
375 |     const { runInteractiveCommand } = await import("../src/utils.js");
376 |     const result = await runInteractiveCommand("echo", ["test"], "/tmp");
377 | 
378 |     expect(result).toBe(0);
                         ^
error: expect(received).toBe(expected)

Expected: 0
Received: undefined

      at <anonymous> (/home/jango/Git/hoox-setup/packages/hoox-cli/test/utils.test.ts:378:20)
(fail) Utils - runInteractiveCommand > should return exit code 0 for success
380 | 
381 |   test("should return non-zero exit code for failure", async () => {
382 |     const { runInteractiveCommand } = await import("../src/utils.js");
383 |     const result = await runInteractiveCommand("sh", ["-c", "exit 42"], "/tmp");
384 | 
385 |     expect(result).toBe(42);
                         ^
error: expect(received).toBe(expected)

Expected: 42
Received: undefined

      at <anonymous> (/home/jango/Git/hoox-setup/packages/hoox-cli/test/utils.test.ts:385:20)
(fail) Utils - runInteractiveCommand > should return non-zero exit code for failure
411 |       },
412 |     } as any;
413 | 
414 |     const result = await getCloudflareToken(config);
415 | 
416 |     expect(result).toBe("test-token-123");
                         ^
error: expect(received).toBe(expected)

Expected: "test-token-123"
Received: "test-token"

      at <anonymous> (/home/jango/Git/hoox-setup/packages/hoox-cli/test/utils.test.ts:416:20)
(fail) Utils - getCloudflareToken > should return token from config object

packages/hoox-cli/test/exit.test.ts:
[2mExecuting in /home/jango/Git/hoox-setup/packages/hoox-cli/test/..: bun run ./bin/hoox.ts config info[0m
[2m[33mNo configuration file found. Run 'init' to create one.[0m

Example files available:
[31m- config.jsonc.example not found[0m
[31m- config.toml.example not found[0m
[0m
[2mExecuting in /home/jango/Git/hoox-setup/packages/hoox-cli/test/..: bun run ./bin/hoox.ts non-existent-command[0m
[2mStderr: error: unknown command 'non-existent-command'
[0m
-------------------------------------------------|---------|---------|-------------------
File                                             | % Funcs | % Lines | Uncovered Line #s
-------------------------------------------------|---------|---------|-------------------
All files                                        |   82.24 |   77.55 |
 packages/hoox-cli/src/cloneCommand.ts           |  100.00 |  100.00 | 
 packages/hoox-cli/src/configUtils.ts            |   81.25 |   59.24 | 5-45,91-92,102,105,108-109,139-140,145,151-158,175-177,187-189
 packages/hoox-cli/src/housekeeping.ts           |   54.55 |   65.41 | 109-111,113-119,125-130,134-139,146-153,156-164,222-227,233-238,246-254,265-273,285-290,309-314,321-326,332-337,353-354,356,358-365,402,426-432,437-443
 packages/hoox-cli/src/installers.ts             |    0.00 |   33.33 | 3-4
 packages/hoox-cli/src/jsoncUtils.ts             |   75.00 |   46.67 | 25-40
 packages/hoox-cli/src/keyUtils.ts               |   86.67 |   72.59 | 41-44,77,79,86-89,99-103,116-119,170-172,187-201
 packages/hoox-cli/src/logCommands.ts            |  100.00 |  100.00 | 
 packages/hoox-cli/src/types.ts                  |  100.00 |  100.00 | 
 packages/hoox-cli/src/utils.ts                  |   44.44 |   41.21 | 20,24,74-77,87-95,101-134,172-176,179-184,193-221,231-236,246-267
 packages/hoox-cli/src/workerCommands.ts         |   44.83 |    8.91 | 22-60,87-90,92-93,95-107,110-111,114-115,117-122,125-132,134,137-139,142,144-152,156,159-165,167-171,174-181,184-186,189-199,201-204,207-209,211-214,216-219,221-222,224-230,232,235-237,239-242,244-250,252,255-258,260-266,268,270-280,284-290,292,295-298,301-305,309-311,314-323,325-337,339,352-366,370,372-383,386-393,396-398,400-410,418-421,424-426,428-431,433-434,436-442,444,447-456,458,461-464,466-474,476,478-486,492-498,500-505,507-510,514-526,528-537,540-553,556,574-575,589,591-592,594-599,601-604,606-611,613,616-617,620-634,636-647,651-659,661-663,665-670,672-676,678-688,690-693,700-706,714,720-723,732-803,824,826-832,834-841,844,846-854,857-864,866,869-871,873-876,878-883,885-886,900,902-910,912-918,937-947,949-953,956-957,959-963,965-971,974-978,980-981,984-996,998,1001-1011,1013-1016,1018-1020,1022-1025,1027-1028,1030-1045,1047-1052,1056-1069,1071,1073-1078,1080-1081,1092-1094,1096-1106,1114,1116-1117,1119-1122,1124-1128,1130-1135,1137-1140,1142-1154,1156-1163,1165,1167-1170,1173,1175-1185,1188,1192,1194-1202,1204-1215,1217-1218,1220-1234,1236,1240-1267,1299-1461,1465-1612
 pages/dashboard/src/app/api/auth/login/route.ts |  100.00 |  100.00 | 
 pages/dashboard/src/app/api/settings/route.ts   |  100.00 |   75.00 | 67-68,75,116,118-120,122-125,127-134,136-137,139-140,161,163-170,172-175
 pages/dashboard/src/middleware.ts               |  100.00 |  100.00 | 
 src/index.ts                                    |  100.00 |  100.00 | 
 src/utils/kvUtils.ts                            |  100.00 |  100.00 | 
 workers/agent-worker/src/index.ts               |   91.67 |   68.12 | 44-45,48-54,56-65,67,82-85,139-143,342-343,346,356-361,363-365,367-369,371-373,375-378,380-383,385-388,390-399,408-409,411-420,425-430,432-439,441-444,446-457,460,480,489,498,505,510-532
 workers/agent-worker/src/models.ts              |  100.00 |  100.00 | 
 workers/agent-worker/src/providers.ts           |   77.42 |  100.00 | 
 workers/agent-worker/src/types.ts               |  100.00 |  100.00 | 
 workers/d1-worker/src/index.ts                  |  100.00 |   94.13 | 171-173,205-207,227-229,246-248,308,321-323,348-351
 workers/email-worker/src/index.ts               |  100.00 |   97.10 | 109-110,142-143,303-305
 workers/home-assistant-worker/src/haService.ts  |    0.00 |    0.00 | 12-49
 workers/home-assistant-worker/src/index.ts      |   83.33 |   76.47 | 81,84-94,97,158-172
 workers/hoox/src/idempotencyStore.ts            |   71.43 |  100.00 | 
 workers/hoox/src/index.ts                       |   84.21 |   58.72 | 138-162,196-204,211-216,222,224-233,243-246,255-262,372,374-382,402-405,411-415,443,445-450,475,485-499,518-525,531-536,544-556,563-568,605-608,611-630,632,634-638,664-679,704-709,725-732,769-777,789-803,809-818
 workers/hoox/src/ipAllowlist.ts                 |  100.00 |   91.18 | 54-59
 workers/hoox/src/killSwitch.ts                  |  100.00 |  100.00 | 
 workers/hoox/src/sessionManager.ts              |  100.00 |   97.22 | 
 workers/telegram-worker/src/index.ts            |   81.48 |   56.46 | 88-94,106-107,253,305-306,375-376,407-459,486-487,500-503,505,516-525,527-537,539-541,543,546-567,569-574,577-590,592-601,603,606-608,610-616,618-626,628,630-632,635-637,639-646,648-662,664,667-669,671-675,677,700-701,703-710,713,755-761
 workers/trade-worker/src/binance-client.ts      |   86.67 |   83.33 | 201-226
 workers/trade-worker/src/bybit-client.ts        |   73.33 |   72.28 | 216-266
 workers/trade-worker/src/db-logger.ts           |  100.00 |  100.00 | 
 workers/trade-worker/src/exchange-router.ts     |   72.73 |   90.91 | 43-48
 workers/trade-worker/src/index.ts               |   76.67 |   55.46 | 125-160,165-190,218-220,228,235,241-247,257,260-309,328,515-518,522,525,530-537,575-582,642,692-694,698-705,725,765-773,777-785,790-795,810-822,824-828,834-845,847-858,861,922-927,961-963,966-969,976-987,989-991,993-1001,1004,1013-1058,1068-1108,1123,1149,1279-1337,1344-1365
 workers/trade-worker/src/mexc-client.ts         |   75.00 |   68.79 | 219-272
 workers/web3-wallet-worker/src/index.ts         |  100.00 |   79.31 | 102-104,108-116,131-136
-------------------------------------------------|---------|---------|-------------------

 664 pass
 9 skip
 27 fail
 1 error
 1372 expect() calls
Ran 700 tests across 50 files. [1187.00ms]
